qemu-system-aarch64: terminating on signal 15 from pid 1091665 (timeout)
